06-04 17:28:46.974  1811  1811 E PhoneState: iconId is 0android.widget.ImageView{47d210a G.ED..... ......I. 0,0-0,0 #7f140257 app:id/data_inout}
06-04 17:28:46.975  1811  1811 E PhoneState: iconId is 0android.widget.ImageView{1144d7b G.ED..... ......ID 0,0-9,20 #7f140257 app:id/data_inout}
06-04 17:28:46.982  4275  4275 D LifecycleMonitor: Lifecycle status change: androidx.test.core.app.InstrumentationActivityInvoker$EmptyActivity@758303 in: STOPPED
06-04 17:28:46.984  4275  4275 V ActivityScenario: Activity lifecycle changed event received but ignored because the intent does not match. startActivityIntent=Intent { act=android.intent.action.MAIN cat=[android.intent.category.LAUNCHER] cmp=com.example.dogglers/.MainActivity }, activity.getIntent()=Intent { act=android.intent.action.MAIN cat=[android.intent.category.LAUNCHER] flg=0x10000000 cmp=com.example.dogglers/androidx.test.core.app.InstrumentationActivityInvoker$EmptyActivity }, activity=androidx.test.core.app.InstrumentationActivityInvoker$EmptyActivity@758303
06-04 17:28:46.988  4275  4275 D LifecycleMonitor: Lifecycle status change: androidx.test.core.app.InstrumentationActivityInvoker$EmptyActivity@758303 in: DESTROYED
06-04 17:28:46.989  4275  4275 V ActivityScenario: Activity lifecycle changed event received but ignored because the intent does not match. startActivityIntent=Intent { act=android.intent.action.MAIN cat=[android.intent.category.LAUNCHER] cmp=com.example.dogglers/.MainActivity }, activity.getIntent()=Intent { act=android.intent.action.MAIN cat=[android.intent.category.LAUNCHER] flg=0x10000000 cmp=com.example.dogglers/androidx.test.core.app.InstrumentationActivityInvoker$EmptyActivity }, activity=androidx.test.core.app.InstrumentationActivityInvoker$EmptyActivity@758303
06-04 17:28:46.992  2762  2778 I DCS-ExtraAppInfoParser: oppoTT-readExtraAppInfoFromXml file is not exist
06-04 17:28:46.992  1157  1347 D WifiStateMachine:  MtkL2ConnectedState { when=0 what=151572 arg1=1 target=com.android.internal.util.StateMachine$SmHandler } 1 0, mShouldDeferDisableWifi = false, mState = MONITORING
06-04 17:28:46.996  1811  1811 I Choreographer: Skipped 1 frames!  The application may be doing too much work on its main thread.
06-04 17:28:46.999  4275  4423 D Surface : Surface::disconnect(this=0x7811ce8000,api=1)
06-04 17:28:47.000   476   656 I BufferQueueProducer: [com.example.dogglers/androidx.test.core.app.InstrumentationActivityInvoker$EmptyActivity#0](this:0x7c4f076800,id:3522,api:1,p:4275,c:-1) disconnect(P): api 1
06-04 17:28:47.003  2762  2778 I DCS-ExtraAppInfoParser: oppoTT-readExtraAppInfoFromXml file is not exist
06-04 17:28:47.004  4275  4275 D View    : [Warning] assignParent to null: this = DecorView@ec6fcfe[InstrumentationActivityInvoker$EmptyActivity]
06-04 17:28:47.013   476   476 I BufferQueue: [com.example.dogglers/androidx.test.core.app.InstrumentationActivityInvoker$EmptyActivity#0](this:0x7c4f076800,id:3522,api:1,p:-1,c:-1) ~BufferQueueCore
06-04 17:28:47.014  4275  4275 D WindowClient: Remove from mViews: DecorView@ec6fcfe[InstrumentationActivityInvoker$EmptyActivity], this = android.view.WindowManagerGlobal@e68e79b
06-04 17:28:47.015  4275  4275 I Choreographer: Skipped 4 frames!  The application may be doing too much work on its main thread.
06-04 17:28:47.024  2762  2778 W DCS     : Record event failed. DCS reject event: [appId=21000,logTag=2100001,eventId=user_model_background_app] . Pls check server config.
06-04 17:28:47.024  4275  4423 D Surface : Surface::disconnect(this=0x782a3a0000,api=1)
06-04 17:28:47.025   476   593 I BufferQueueProducer: [com.example.dogglers/com.example.dogglers.MainActivity#0](this:0x7c4eee1000,id:3521,api:1,p:4275,c:-1) disconnect(P): api 1
06-04 17:28:47.027  9198  9224 W Settings: Setting airplane_mode_on has moved from android.provider.Settings.System to android.provider.Settings.Global, returning read-only value.
06-04 17:28:47.102  2213  2213 I OppoConvertIcon: maskBitmap -- sIconBackground == null
06-04 17:28:47.308 28665 28665 W ResourceType: For resource 0x7f150495, entry index(1173) is beyond type entryCount(345)
06-04 17:28:47.308 28665 28665 W ResourceType: For resource 0x7f150499, entry index(1177) is beyond type entryCount(345)
06-04 17:28:47.308 28665 28665 W ResourceType: For resource 0x7f1504ad, entry index(1197) is beyond type entryCount(345)
06-04 17:28:47.308 28665 28665 W ResourceType: For resource 0x7f1504ab, entry index(1195) is beyond type entryCount(345)
06-04 17:28:47.325 28665 28665 V SensorManager: RegisterListener BMA253 type:1 delay:200000us by android.view.OrientationEventListener$SensorEventListenerImpl
06-04 17:28:47.328  1157  2679 W SensorService: SensorEventConnection sensor handle=1, package = android.view.OrientationEventListener enable pid = 28665
06-04 17:28:47.335   688  1298 I Accelerometer: batch: handle:0, flag:0,samplingPeriodNs:62500000 maxBatchReportLatencyNs:0
06-04 17:28:47.337  1157  2679 D SensorService: Calling activate on 1
06-04 17:28:47.337  1157  2679 D SensorService: 	>>> actuating h/w activate handle=1 enabled=1
06-04 17:28:47.337   688  1298 I Accelerometer: enable: handle:0, en:1
06-04 17:28:47.338  1157  2679 D SensorService: Calling activate success on 1
06-04 17:28:47.375 28665 28665 D AudioManager: get_do_mute_music = false
06-04 17:28:47.399 28665 28665 D AudioManager: getStreamVolume packageName=com.google.android.youtube, index=16, streamType=3
06-04 17:28:47.436 28665 28665 V PhoneWindow: DecorView setVisiblity: visibility = 0, Parent = ViewRoot{b1c53db com.google.android.youtube/com.google.android.apps.youtube.app.watchwhile.WatchWhileActivity,ident = 0}, this = DecorView@24a400f[WatchWhileActivity]
06-04 17:28:47.437 28665 28665 I Choreographer: Skipped 25 frames!  The application may be doing too much work on its main thread.
06-04 17:28:47.438 28961 28998 I QUALITY-TOTAL: exp: skip
06-04 17:28:47.474   476   476 W GuiExt  : Cannot find GuiExtService
06-04 17:28:47.478  1811  1811 I StatusBar: setNavigationBarColor() vis:2000080 color:ff212121 expandNavBar:false mNavigationBarEnableStatus:0
06-04 17:28:47.471 28665 28665 W glide-source-th: type=1400 audit(0.0:706246): avc: denied { search } for name="clients" dev="debugfs" ino=7185 scontext=u:r:untrusted_app:s0:c512,c768 tcontext=u:object_r:debugfs_ion:s0 tclass=dir permissive=0
06-04 17:28:47.478  1157  2961 D Theia.NoFocusWindow: FocusWindowErrorScene cancelCheckFreezeScreen
06-04 17:28:47.475 28665 28665 W glide-source-th: type=1400 audit(0.0:706247): avc: denied { search } for name="clients" dev="debugfs" ino=7185 scontext=u:r:untrusted_app:s0:c512,c768 tcontext=u:object_r:debugfs_ion:s0 tclass=dir permissive=0
06-04 17:28:47.479  1811  1811 D BarTransitions.NavigationBarView: setForceOpaque forceOpaque:true color:ff212121 @com.android.systemui.statusbar.phone.NavigationBarTransitions@d196a5f
06-04 17:28:47.487 28665 28803 D Surface : Surface::connect(this=0x780c25f000,api=1)
06-04 17:28:47.487   476   593 I BufferQueueProducer: [com.google.android.youtube/com.google.android.apps.youtube.app.watchwhile.WatchWhileActivity#0](this:0x7c4f076800,id:3524,api:1,p:28665,c:-1) connect(P): api=1 producer=(28665:com.google.android.youtube) producerControlledByApp=true
06-04 17:28:47.517  1811  1811 W Settings: Setting msim_mode_setting has moved from android.provider.Settings.System to android.provider.Settings.Global, returning read-only value.
06-04 17:28:47.519  1811  1811 W Settings: Setting msim_mode_setting has moved from android.provider.Settings.System to android.provider.Settings.Global, returning read-only value.
06-04 17:28:47.523  1811  1811 E PhoneState: iconId is 0android.widget.ImageView{b63dd75 G.ED..... ......I. 0,0-0,0 #7f140113 app:id/mobile_type}
06-04 17:28:47.523  1811  1811 E PhoneState: iconId is 0android.widget.ImageView{47d210a G.ED..... ......I. 0,0-0,0 #7f140257 app:id/data_inout}
06-04 17:28:47.524  1811  1811 E PhoneState: iconId is 0android.widget.ImageView{1144d7b G.ED..... ......ID 0,0-9,20 #7f140257 app:id/data_inout}
06-04 17:28:47.539 28665 28665 I Choreographer: Skipped 5 frames!  The application may be doing too much work on its main thread.
06-04 17:28:47.555  1157  1602 D AES     : AEEIOCTL_GET/SET_SF_STATE IOCTL,cmd= 1074294797, lParam=0.
06-04 17:28:47.562  1157  1602 D AES     : AEEIOCTL_RT_MON_Kick IOCTL,cmd= 2147774474, lParam=300.
06-04 17:28:47.687   476   521 W DispPerfService: onFrameAvailable: (28665,-1)
06-04 17:28:47.699  1157  1295 W GuiExt  : Cannot find GuiExtService
06-04 17:28:47.695  1157  1157 W android.anim: type=1400 audit(0.0:706248): avc: denied { read } for name="u:object_r:oppo_bsp_prop:s0" dev="tmpfs" ino=6604 scontext=u:r:system_server:s0 tcontext=u:object_r:oppo_bsp_prop:s0 tclass=file permissive=0
06-04 17:28:47.700  1157  1295 E libc    : Access denied finding property "persist.report.tid"
06-04 17:28:47.701  4275  4423 D Surface : Surface::disconnect(this=0x7811a52000,api=1)
06-04 17:28:47.701   476   521 D Surface : Surface::connect(this=0x7c4f135000,api=1)
06-04 17:28:47.702   476   593 I BufferQueueProducer: [com.example.dogglers/androidx.test.core.app.InstrumentationActivityInvoker$EmptyActivity#1](this:0x7c4eee2800,id:3523,api:1,p:4275,c:-1) disconnect(P): api 1
06-04 17:28:47.703  1157  1295 I BufferQueueProducer: [unnamed-1157-735](this:0x78025e1800,id:735,api:1,p:476,c:-1) connect(P): api=1 producer=(476:/system/bin/surfaceflinger) producerControlledByApp=false
06-04 17:28:47.723   476   476 I SurfaceFlinger: screenshot (com.example.dogglers/androidx.test.core.app.InstrumentationActivityInvoker$EmptyActivity#1)
06-04 17:28:47.726   476   521 D Surface : Surface::disconnect(this=0x7c4f135000,api=1)
06-04 17:28:47.726  1157  1295 I BufferQueueProducer: [unnamed-1157-735](this:0x78025e1800,id:735,api:1,p:476,c:-1) disconnect(P): api 1
06-04 17:28:47.727  1157  1295 I BufferQueue: [unnamed-1157-735](this:0x78025e1800,id:735,api:1,p:-1,c:-1) ~BufferQueueCore
06-04 17:28:47.738 28665 28665 W YouTube : Suppressed bad viewport dimensions. Video quality may suffer!
06-04 17:28:47.746  1811  1811 I StatusBar: setNavigationBarColor() vis:2000000 color:ff212121 expandNavBar:false mNavigationBarEnableStatus:0
06-04 17:28:47.765 28665 28665 I Choreographer: Skipped 13 frames!  The application may be doing too much work on its main thread.
06-04 17:28:47.788  1811  1811 W Settings: Setting msim_mode_setting has moved from android.provider.Settings.System to android.provider.Settings.Global, returning read-only value.
06-04 17:28:47.792  1811  1811 W Settings: Setting msim_mode_setting has moved from android.provider.Settings.System to android.provider.Settings.Global, returning read-only value.
06-04 17:28:47.798  1811  1811 E PhoneState: iconId is 0android.widget.ImageView{b63dd75 G.ED..... ......I. 0,0-0,0 #7f140113 app:id/mobile_type}
06-04 17:28:47.798  1811  1811 E PhoneState: iconId is 0android.widget.ImageView{47d210a G.ED..... ......I. 0,0-0,0 #7f140257 app:id/data_inout}
06-04 17:28:47.799  1811  1811 E PhoneState: iconId is 0android.widget.ImageView{1144d7b G.ED..... ......ID 0,0-9,20 #7f140257 app:id/data_inout}
06-04 17:28:47.803   468   482 I vendor.mediatek.hardware.power@1.1-impl: PowerHint hint:8, data:0
06-04 17:28:47.804   468   481 I libPerfService: 8: set gpu level: 2
06-04 17:28:47.812  4275  4275 D LifecycleMonitor: Lifecycle status change: androidx.test.core.app.InstrumentationActivityInvoker$EmptyActivity@5ed8198 in: STOPPED
06-04 17:28:47.816  4275  4275 V ActivityScenario: Activity lifecycle changed event received but ignored because the intent does not match. startActivityIntent=Intent { act=android.intent.action.MAIN cat=[android.intent.category.LAUNCHER] cmp=com.example.dogglers/.MainActivity }, activity.getIntent()=Intent { act=android.intent.action.MAIN cat=[android.intent.category.LAUNCHER] flg=0x10000000 cmp=com.example.dogglers/androidx.test.core.app.InstrumentationActivityInvoker$EmptyActivity }, activity=androidx.test.core.app.InstrumentationActivityInvoker$EmptyActivity@5ed8198
06-04 17:28:47.823   468   481 I libPerfService: 11: set gpu level: 0
06-04 17:28:47.823  4275  4275 D LifecycleMonitor: Lifecycle status change: androidx.test.core.app.InstrumentationActivityInvoker$EmptyActivity@5ed8198 in: DESTROYED
06-04 17:28:47.824 14529 14529 I GoogleInputMethodService: GoogleInputMethodService.onFinishInput():3204
06-04 17:28:47.825   468   481 I libPerfService: 12: cpu_ctrl set freq: -1 -1 -1 -1
06-04 17:28:47.826   468   481 I libPerfService: 24: set gpu level: 2
06-04 17:28:47.827 14529 14529 I GoogleInputMethodService: GoogleInputMethodService.updateDeviceLockedStatus():2100 checkRepeatedly = false, unlocked = true
06-04 17:28:47.828 14529 14529 I GoogleInputMethodService: GoogleInputMethodService.onStartInput():1903 onStartInput(EditorInfo{inputType=0x0(NULL) imeOptions=0x0 privateImeOptions=null actionName=UNSPECIFIED actionLabel=null actionId=0 initialSelStart=-1 initialSelEnd=-1 initialCapsMode=0x0 hintText=null label=null packageName=com.google.android.youtube fieldId=2131431008 fieldName=null extras=null}, false)
06-04 17:28:47.828  4275  4275 V ActivityScenario: Activity lifecycle changed event received but ignored because the intent does not match. startActivityIntent=Intent { act=android.intent.action.MAIN cat=[android.intent.category.LAUNCHER] cmp=com.example.dogglers/.MainActivity }, activity.getIntent()=Intent { act=android.intent.action.MAIN cat=[android.intent.category.LAUNCHER] flg=0x10000000 cmp=com.example.dogglers/androidx.test.core.app.InstrumentationActivityInvoker$EmptyActivity }, activity=androidx.test.core.app.InstrumentationActivityInvoker$EmptyActivity@5ed8198
06-04 17:28:47.832 14529 14529 I GoogleInputMethodService: GoogleInputMethodService.updateDeviceLockedStatus():2100 checkRepeatedly = true, unlocked = true
06-04 17:28:47.835  4275  4275 D View    : [Warning] assignParent to null: this = DecorView@a546857[InstrumentationActivityInvoker$EmptyActivity]
06-04 17:28:47.836  1811  1811 I Choreographer: Skipped 2 frames!  The application may be doing too much work on its main thread.
06-04 17:28:47.845  4275  4275 D WindowClient: Remove from mViews: DecorView@a546857[InstrumentationActivityInvoker$EmptyActivity], this = android.view.WindowManagerGlobal@e68e79b
06-04 17:28:47.849   476   476 I BufferQueue: [com.example.dogglers/androidx.test.core.app.InstrumentationActivityInvoker$EmptyActivity#1](this:0x7c4eee2800,id:3523,api:1,p:-1,c:-1) ~BufferQueueCore
06-04 17:28:47.850  9753  9875 W ResourceType: ResTable_typeSpec entry count inconsistent: given 2929, previously 2932
06-04 17:28:47.851  4275  4275 D LifecycleMonitor: Lifecycle status change: com.example.dogglers.MainActivity@600cbcd in: STOPPED
06-04 17:28:47.852  9753  9875 W ResourceType: ResTable_typeSpec entry count inconsistent: given 3009, previously 3013
06-04 17:28:47.852  9753  9875 W ResourceType: ResTable_typeSpec entry count inconsistent: given 345, previously 2201
06-04 17:28:47.853  4275  4275 V ActivityScenario: Update currentActivityStage to STOPPED, currentActivity=com.example.dogglers.MainActivity@600cbcd
06-04 17:28:47.857  4275  4275 D LifecycleMonitor: Lifecycle status change: com.example.dogglers.MainActivity@600cbcd in: DESTROYED
06-04 17:28:47.858  4275  4275 V ActivityScenario: Update currentActivityStage to DESTROYED, currentActivity=null
06-04 17:28:47.860  4275  4368 I TestRunner: finished: horizontal_list_button_is_displayed(com.example.dogglers.ButtonTests)
